// Jest Snapshot v1, https://goo.gl/fbAQLP

exports[`first Hacer el shallowMount 1`] = `
<!--v-if-->
<div class="bg-dark"></div>
<div class="indecision-container"><input type="text" placeholder="Realiza una pregunta">
  <p>Recuerda Terminar con un signo de interrogacion (?)</p>
  <!--v-if-->
</div>
`;
